Component: ARM Compiler 5.06 update 6 (build 750) Tool: armlink [4d35ed]

==============================================================================

Section Cross References

    3140_concur.o(i.process_stack_free) refers to malloc2.o(i.__free$2region) for free
    3140_concur.o(i.process_stack_init) refers to malloc2.o(i.__malloc$2region) for malloc
    3140_concur.o(i.process_stack_init) refers to 3140.o(myProg) for process_terminated
    utils.o(i.LEDBlue_On) refers to utils.o(i.__get_PRIMASK) for __get_PRIMASK
    utils.o(i.LEDBlue_On) refers to utils.o(i.__set_PRIMASK) for __set_PRIMASK
    utils.o(i.LEDGreen_On) refers to utils.o(i.__get_PRIMASK) for __get_PRIMASK
    utils.o(i.LEDGreen_On) refers to utils.o(i.__set_PRIMASK) for __set_PRIMASK
    utils.o(i.LEDRed_On) refers to utils.o(i.__get_PRIMASK) for __get_PRIMASK
    utils.o(i.LEDRed_On) refers to utils.o(i.__set_PRIMASK) for __set_PRIMASK
    utils.o(i.LED_Off) refers to utils.o(i.__get_PRIMASK) for __get_PRIMASK
    utils.o(i.LED_Off) refers to utils.o(i.__set_PRIMASK) for __set_PRIMASK
    process_woah.o(i.PIT1_IRQHandler) refers to process_woah.o(.data) for current_time
    process_woah.o(i.get_next_start_time) refers to process_woah.o(.data) for rt_queue
    process_woah.o(i.pop_front_process) refers to process_woah.o(.data) for process_queue
    process_woah.o(i.pop_rt_process) refers to process_woah.o(.data) for current_time
    process_woah.o(i.process_create) refers to 3140_concur.o(i.process_stack_init) for process_stack_init
    process_woah.o(i.process_create) refers to malloc2.o(i.__malloc$2region) for malloc
    process_woah.o(i.process_create) refers to 3140_concur.o(i.process_stack_free) for process_stack_free
    process_woah.o(i.process_create) refers to process_woah.o(i.push_tail_process) for push_tail_process
    process_woah.o(i.process_free) refers to 3140_concur.o(i.process_stack_free) for process_stack_free
    process_woah.o(i.process_free) refers to malloc2.o(i.__free$2region) for free
    process_woah.o(i.process_rt_create) refers to 3140_concur.o(i.process_stack_init) for process_stack_init
    process_woah.o(i.process_rt_create) refers to malloc2.o(i.__malloc$2region) for malloc
    process_woah.o(i.process_rt_create) refers to 3140_concur.o(i.process_stack_free) for process_stack_free
    process_woah.o(i.process_rt_create) refers to process_woah.o(i.push_onto_rt_queue) for push_onto_rt_queue
    process_woah.o(i.process_rt_create) refers to process_woah.o(.data) for current_time
    process_woah.o(i.process_select) refers to process_woah.o(i.push_onto_rt_queue) for push_onto_rt_queue
    process_woah.o(i.process_select) refers to process_woah.o(i.push_tail_process) for push_tail_process
    process_woah.o(i.process_select) refers to process_woah.o(i.process_free) for process_free
    process_woah.o(i.process_select) refers to process_woah.o(i.pop_front_process) for pop_front_process
    process_woah.o(i.process_select) refers to process_woah.o(i.pop_rt_process) for pop_rt_process
    process_woah.o(i.process_select) refers to process_woah.o(i.get_next_start_time) for get_next_start_time
    process_woah.o(i.process_select) refers to process_woah.o(.data) for current_process
    process_woah.o(i.process_start) refers to process_woah.o(i.__NVIC_EnableIRQ) for __NVIC_EnableIRQ
    process_woah.o(i.process_start) refers to process_woah.o(i.__NVIC_SetPriority) for __NVIC_SetPriority
    process_woah.o(i.process_start) refers to 3140.o(myProg) for process_begin
    process_woah.o(i.process_start) refers to process_woah.o(.data) for process_queue
    process_woah.o(i.push_onto_rt_queue) refers to process_woah.o(.data) for rt_queue
    process_woah.o(i.push_tail_process) refers to process_woah.o(.data) for process_queue
    3140.o(myProg) refers to process_woah.o(i.process_select) for process_select
    3140.o(myProg) refers to 3140.o(myData) for OrigStackPointer
    test_r2.o(i.main) refers to utils.o(i.LED_Initialize) for LED_Initialize
    test_r2.o(i.main) refers to process_woah.o(i.process_create) for process_create
    test_r2.o(i.main) refers to process_woah.o(i.process_rt_create) for process_rt_create
    test_r2.o(i.main) refers to process_woah.o(i.process_start) for process_start
    test_r2.o(i.main) refers to utils.o(i.LED_Off) for LED_Off
    test_r2.o(i.main) refers to utils.o(i.LEDGreen_On) for LEDGreen_On
    test_r2.o(i.main) refers to test_r2.o(i.shortDelay) for shortDelay
    test_r2.o(i.main) refers to test_r2.o(i.pNRT) for pNRT
    test_r2.o(i.main) refers to test_r2.o(.data) for t_1msec
    test_r2.o(i.main) refers to test_r2.o(i.pRT2) for pRT2
    test_r2.o(i.main) refers to test_r2.o(i.pRT1) for pRT1
    test_r2.o(i.main) refers to process_woah.o(.data) for process_deadline_miss
    test_r2.o(i.mediumDelay) refers to utils.o(i.delay) for delay
    test_r2.o(i.pNRT) refers to utils.o(i.LEDRed_On) for LEDRed_On
    test_r2.o(i.pNRT) refers to test_r2.o(i.shortDelay) for shortDelay
    test_r2.o(i.pNRT) refers to utils.o(i.LEDRed_Toggle) for LEDRed_Toggle
    test_r2.o(i.pRT1) refers to utils.o(i.LEDBlue_On) for LEDBlue_On
    test_r2.o(i.pRT1) refers to test_r2.o(i.mediumDelay) for mediumDelay
    test_r2.o(i.pRT1) refers to utils.o(i.LEDBlue_Toggle) for LEDBlue_Toggle
    test_r2.o(i.pRT2) refers to utils.o(i.LEDGreen_On) for LEDGreen_On
    test_r2.o(i.pRT2) refers to test_r2.o(i.mediumDelay) for mediumDelay
    test_r2.o(i.pRT2) refers to utils.o(i.LEDGreen_Toggle) for LEDGreen_Toggle
    test_r2.o(i.shortDelay) refers to utils.o(i.delay) for delay
    startup_mk64f12.o(RESET) refers to startup_mk64f12.o(.text) for Reset_Handler
    startup_mk64f12.o(RESET) refers to 3140.o(myProg) for SVC_Handler
    startup_mk64f12.o(RESET) refers to process_woah.o(i.PIT1_IRQHandler) for PIT1_IRQHandler
    startup_mk64f12.o(.text) refers to startup_mk64f12.o(FlashConfig) for FlashConfig
    startup_mk64f12.o(.text) refers to startup_mk64f12.o(RESET) for __Vectors
    startup_mk64f12.o(.text) refers to system_mk64f12.o(i.SystemInit) for SystemInit
    startup_mk64f12.o(.text) refers to entry.o(.ARM.Collect$$$$00000000) for __main
    system_mk64f12.o(i.SystemCoreClockUpdate) refers to system_mk64f12.o(.data) for SystemCoreClock
    system_mk64f12.o(i.SystemInit) refers to system_mk64f12.o(i.SystemInitHook) for SystemInitHook
    entry.o(.ARM.Collect$$$$00000000) refers (Special) to entry10a.o(.ARM.Collect$$$$0000000D) for __rt_final_cpp
    entry.o(.ARM.Collect$$$$00000000) refers (Special) to entry11a.o(.ARM.Collect$$$$0000000F) for __rt_final_exit
    entry.o(.ARM.Collect$$$$00000000) refers (Special) to entry7b.o(.ARM.Collect$$$$00000008) for _main_clock
    entry.o(.ARM.Collect$$$$00000000) refers (Special) to entry8b.o(.ARM.Collect$$$$0000000A) for _main_cpp_init
    entry.o(.ARM.Collect$$$$00000000) refers (Special) to entry9a.o(.ARM.Collect$$$$0000000B) for _main_init
    entry.o(.ARM.Collect$$$$00000000) refers (Special) to entry5.o(.ARM.Collect$$$$00000004) for _main_scatterload
    entry.o(.ARM.Collect$$$$00000000) refers (Special) to entry4.o(.ARM.Collect$$$$00000003) for _main_stk
    malloc2.o(i.__free$2region) refers to mvars.o(.data) for __microlib_freelist
    malloc2.o(i.__malloc$2region) refers to mvars.o(.data) for __microlib_freelist_initialised
    malloc2.o(i.__malloc$2region) refers to mvars.o(.data) for __microlib_freelist
    mallocr2.o(i.__free$realloc$2region) refers to mvars.o(.data) for __microlib_freelist
    mallocr2.o(i.__malloc$realloc$2region) refers to mallocr2.o(i.internal_alloc) for internal_alloc
    mallocr2.o(i.__malloc$realloc$2region) refers to mvars.o(.data) for __microlib_freelist_initialised
    mallocr2.o(i.__malloc$realloc$2region) refers to mvars.o(.data) for __microlib_freelist
    mallocr2.o(i.__realloc$2region) refers to mallocr2.o(i.__free$realloc$2region) for __free$realloc$2region
    mallocr2.o(i.__realloc$2region) refers to mallocr2.o(i.internal_alloc) for internal_alloc
    mallocr2.o(i.__realloc$2region) refers to mallocr2.o(i.__malloc$realloc$2region) for __malloc$realloc$2region
    mallocr2.o(i.__realloc$2region) refers to mvars.o(.data) for __microlib_freelist
    mallocr2.o(i.internal_alloc) refers to memcpya.o(.text) for __aeabi_memcpy
    mallocr2.o(i.internal_alloc) refers to mvars.o(.data) for __microlib_freelist
    malloca2.o(i.__aligned_malloc$2region) refers to mvars.o(.data) for __microlib_freelist_initialised
    malloca2.o(i.__aligned_malloc$2region) refers to mvars.o(.data) for __microlib_freelist
    malloca2.o(i.__free$memalign$2region) refers to mvars.o(.data) for __microlib_freelist
    malloca2.o(i.__malloc$memalign$2region) refers to malloca2.o(i.__aligned_malloc$2region) for __aligned_malloc$2region
    mallocra2.o(i.__aligned_malloc$realloc$2region) refers to mallocra2.o(i.internal_alloc) for internal_alloc
    mallocra2.o(i.__aligned_malloc$realloc$2region) refers to mvars.o(.data) for __microlib_freelist_initialised
    mallocra2.o(i.__aligned_malloc$realloc$2region) refers to mvars.o(.data) for __microlib_freelist
    mallocra2.o(i.__free$realloc$memalign$2region) refers to mvars.o(.data) for __microlib_freelist
    mallocra2.o(i.__malloc$realloc$memalign$2region) refers to mallocra2.o(i.__aligned_malloc$realloc$2region) for __aligned_malloc$realloc$2region
    mallocra2.o(i.__realloc$memalign$2region) refers to mallocra2.o(i.__free$realloc$memalign$2region) for __free$realloc$memalign$2region
    mallocra2.o(i.__realloc$memalign$2region) refers to mallocra2.o(i.internal_alloc) for internal_alloc
    mallocra2.o(i.__realloc$memalign$2region) refers to mallocra2.o(i.__malloc$realloc$memalign$2region) for __malloc$realloc$memalign$2region
    mallocra2.o(i.__realloc$memalign$2region) refers to mvars.o(.data) for __microlib_freelist
    mallocra2.o(i.internal_alloc) refers to memcpya.o(.text) for __aeabi_memcpy
    mallocra2.o(i.internal_alloc) refers to mvars.o(.data) for __microlib_freelist
    entry4.o(.ARM.Collect$$$$00000003) refers to entry4.o(.ARM.Collect$$$$00002714) for __lit__00000000
    entry4.o(__vectab_stack_and_reset_area) refers to entry.o(.ARM.Collect$$$$00000000) for __main
    entry5.o(.ARM.Collect$$$$00000004) refers to init.o(.text) for __scatterload
    entry9a.o(.ARM.Collect$$$$0000000B) refers to test_r2.o(i.main) for main
    entry9b.o(.ARM.Collect$$$$0000000C) refers to test_r2.o(i.main) for main
    init.o(.text) refers to entry5.o(.ARM.Collect$$$$00000004) for __main_after_scatterload


==============================================================================

Removing Unused input sections from the image.

    Removing 3140_concur.o(.rev16_text), (4 bytes).
    Removing 3140_concur.o(.revsh_text), (4 bytes).
    Removing 3140_concur.o(.rrx_text), (6 bytes).
    Removing utils.o(.rev16_text), (4 bytes).
    Removing utils.o(.revsh_text), (4 bytes).
    Removing utils.o(.rrx_text), (6 bytes).
    Removing process_woah.o(.rev16_text), (4 bytes).
    Removing process_woah.o(.revsh_text), (4 bytes).
    Removing process_woah.o(.rrx_text), (6 bytes).
    Removing test_r2.o(.rev16_text), (4 bytes).
    Removing test_r2.o(.revsh_text), (4 bytes).
    Removing test_r2.o(.rrx_text), (6 bytes).
    Removing system_mk64f12.o(.rev16_text), (4 bytes).
    Removing system_mk64f12.o(.revsh_text), (4 bytes).
    Removing system_mk64f12.o(.rrx_text), (6 bytes).
    Removing system_mk64f12.o(i.SystemCoreClockUpdate), (452 bytes).
    Removing system_mk64f12.o(.data), (4 bytes).

17 unused section(s) (total 526 bytes) removed from the image.

==============================================================================

Image Symbol Table

    Local Symbols

    Symbol Name                              Value     Ov Type        Size  Object(Section)

    RESET                                    0x00000000   Section     1024  startup_mk64f12.o(RESET)
    ../clib/microlib/init/entry.s            0x00000000   Number         0  entry9a.o ABSOLUTE
    ../clib/microlib/init/entry.s            0x00000000   Number         0  entry7b.o ABSOLUTE
    ../clib/microlib/init/entry.s            0x00000000   Number         0  entry11b.o ABSOLUTE
    ../clib/microlib/init/entry.s            0x00000000   Number         0  entry11a.o ABSOLUTE
    ../clib/microlib/init/entry.s            0x00000000   Number         0  entry10b.o ABSOLUTE
    ../clib/microlib/init/entry.s            0x00000000   Number         0  entry4.o ABSOLUTE
    ../clib/microlib/init/entry.s            0x00000000   Number         0  entry10a.o ABSOLUTE
    ../clib/microlib/init/entry.s            0x00000000   Number         0  entry9b.o ABSOLUTE
    ../clib/microlib/init/entry.s            0x00000000   Number         0  entry5.o ABSOLUTE
    ../clib/microlib/init/entry.s            0x00000000   Number         0  entry8b.o ABSOLUTE
    ../clib/microlib/init/entry.s            0x00000000   Number         0  entry8a.o ABSOLUTE
    ../clib/microlib/init/entry.s            0x00000000   Number         0  entry7a.o ABSOLUTE
    ../clib/microlib/init/entry.s            0x00000000   Number         0  entry.o ABSOLUTE
    ../clib/microlib/malloc/malloc.c         0x00000000   Number         0  malloc2.o ABSOLUTE
    ../clib/microlib/malloc/malloc.c         0x00000000   Number         0  mallocr2.o ABSOLUTE
    ../clib/microlib/malloc/malloc.c         0x00000000   Number         0  malloca2.o ABSOLUTE
    ../clib/microlib/malloc/malloc.c         0x00000000   Number         0  mallocra2.o ABSOLUTE
    ../clib/microlib/malloc/mvars.c          0x00000000   Number         0  mvars.o ABSOLUTE
    ../clib/microlib/string/memcpy.c         0x00000000   Number         0  memcpyb.o ABSOLUTE
    ../clib/microlib/string/memcpy.c         0x00000000   Number         0  memcpya.o ABSOLUTE
    3140.s                                   0x00000000   Number         0  3140.o ABSOLUTE
    3140_concur.c                            0x00000000   Number         0  3140_concur.o ABSOLUTE
    3140_concur.c                            0x00000000   Number         0  3140_concur.o ABSOLUTE
    RTE\Device\MK64FN1M0VLL12\startup_MK64F12.s 0x00000000   Number         0  startup_mk64f12.o ABSOLUTE
    RTE\Device\MK64FN1M0VLL12\system_MK64F12.c 0x00000000   Number         0  system_mk64f12.o ABSOLUTE
    RTE\\Device\\MK64FN1M0VLL12\\system_MK64F12.c 0x00000000   Number         0  system_mk64f12.o ABSOLUTE
    dc.s                                     0x00000000   Number         0  dc.o ABSOLUTE
    handlers.s                               0x00000000   Number         0  handlers.o ABSOLUTE
    init.s                                   0x00000000   Number         0  init.o ABSOLUTE
    process_woah.c                           0x00000000   Number         0  process_woah.o ABSOLUTE
    process_woah.c                           0x00000000   Number         0  process_woah.o ABSOLUTE
    test_r2.c                                0x00000000   Number         0  test_r2.o ABSOLUTE
    test_r2.c                                0x00000000   Number         0  test_r2.o ABSOLUTE
    utils.c                                  0x00000000   Number         0  utils.o ABSOLUTE
    utils.c                                  0x00000000   Number         0  utils.o ABSOLUTE
    FlashConfig                              0x00000400   Section       16  startup_mk64f12.o(FlashConfig)
    .ARM.Collect$$$$00000000                 0x00000410   Section        0  entry.o(.ARM.Collect$$$$00000000)
    .ARM.Collect$$$$00000003                 0x00000410   Section        4  entry4.o(.ARM.Collect$$$$00000003)
    .ARM.Collect$$$$00000004                 0x00000414   Section        4  entry5.o(.ARM.Collect$$$$00000004)
    .ARM.Collect$$$$00000008                 0x00000418   Section        0  entry7b.o(.ARM.Collect$$$$00000008)
    .ARM.Collect$$$$0000000A                 0x00000418   Section        0  entry8b.o(.ARM.Collect$$$$0000000A)
    .ARM.Collect$$$$0000000B                 0x00000418   Section        8  entry9a.o(.ARM.Collect$$$$0000000B)
    .ARM.Collect$$$$0000000D                 0x00000420   Section        0  entry10a.o(.ARM.Collect$$$$0000000D)
    .ARM.Collect$$$$0000000F                 0x00000420   Section        0  entry11a.o(.ARM.Collect$$$$0000000F)
    .ARM.Collect$$$$00002714                 0x00000420   Section        4  entry4.o(.ARM.Collect$$$$00002714)
    __lit__00000000                          0x00000420   Data           4  entry4.o(.ARM.Collect$$$$00002714)
    .text                                    0x00000424   Section      460  startup_mk64f12.o(.text)
    .text                                    0x000005f0   Section       36  init.o(.text)
    i.LEDBlue_On                             0x00000614   Section        0  utils.o(i.LEDBlue_On)
    i.LEDBlue_Toggle                         0x00000640   Section        0  utils.o(i.LEDBlue_Toggle)
    i.LEDGreen_On                            0x00000650   Section        0  utils.o(i.LEDGreen_On)
    i.LEDGreen_Toggle                        0x00000680   Section        0  utils.o(i.LEDGreen_Toggle)
    i.LEDRed_On                              0x00000690   Section        0  utils.o(i.LEDRed_On)
    i.LEDRed_Toggle                          0x000006bc   Section        0  utils.o(i.LEDRed_Toggle)
    i.LED_Initialize                         0x000006cc   Section        0  utils.o(i.LED_Initialize)
    i.LED_Off                                0x00000714   Section        0  utils.o(i.LED_Off)
    i.PIT1_IRQHandler                        0x00000740   Section        0  process_woah.o(i.PIT1_IRQHandler)
    i.SystemInit                             0x00000788   Section        0  system_mk64f12.o(i.SystemInit)
    i.SystemInitHook                         0x000007a8   Section        0  system_mk64f12.o(i.SystemInitHook)
    i.__NVIC_EnableIRQ                       0x000007aa   Section        0  process_woah.o(i.__NVIC_EnableIRQ)
    __NVIC_EnableIRQ                         0x000007ab   Thumb Code    26  process_woah.o(i.__NVIC_EnableIRQ)
    i.__NVIC_SetPriority                     0x000007c4   Section        0  process_woah.o(i.__NVIC_SetPriority)
    __NVIC_SetPriority                       0x000007c5   Thumb Code    32  process_woah.o(i.__NVIC_SetPriority)
    i.__free$2region                         0x000007ec   Section        0  malloc2.o(i.__free$2region)
    i.__get_PRIMASK                          0x0000083c   Section        0  utils.o(i.__get_PRIMASK)
    __get_PRIMASK                            0x0000083d   Thumb Code     6  utils.o(i.__get_PRIMASK)
    i.__malloc$2region                       0x00000844   Section        0  malloc2.o(i.__malloc$2region)
    i.__scatterload_copy                     0x000008b0   Section       14  handlers.o(i.__scatterload_copy)
    i.__scatterload_null                     0x000008be   Section        2  handlers.o(i.__scatterload_null)
    i.__scatterload_zeroinit                 0x000008c0   Section       14  handlers.o(i.__scatterload_zeroinit)
    i.__set_PRIMASK                          0x000008ce   Section        0  utils.o(i.__set_PRIMASK)
    __set_PRIMASK                            0x000008cf   Thumb Code     6  utils.o(i.__set_PRIMASK)
    i.delay                                  0x000008d4   Section        0  utils.o(i.delay)
    i.get_next_start_time                    0x000008e8   Section        0  process_woah.o(i.get_next_start_time)
    i.main                                   0x00000908   Section        0  test_r2.o(i.main)
    i.mediumDelay                            0x0000099c   Section        0  test_r2.o(i.mediumDelay)
    i.pNRT                                   0x000009a8   Section        0  test_r2.o(i.pNRT)
    i.pRT1                                   0x000009c6   Section        0  test_r2.o(i.pRT1)
    i.pRT2                                   0x000009e4   Section        0  test_r2.o(i.pRT2)
    i.pop_front_process                      0x00000a04   Section        0  process_woah.o(i.pop_front_process)
    i.pop_rt_process                         0x00000a38   Section        0  process_woah.o(i.pop_rt_process)
    i.process_create                         0x00000a98   Section        0  process_woah.o(i.process_create)
    i.process_free                           0x00000ae6   Section        0  process_woah.o(i.process_free)
    process_free                             0x00000ae7   Thumb Code    20  process_woah.o(i.process_free)
    i.process_rt_create                      0x00000afc   Section        0  process_woah.o(i.process_rt_create)
    i.process_select                         0x00000b80   Section        0  process_woah.o(i.process_select)
    i.process_stack_free                     0x00000c84   Section        0  3140_concur.o(i.process_stack_free)
    i.process_stack_init                     0x00000c98   Section        0  3140_concur.o(i.process_stack_init)
    i.process_start                          0x00000cf8   Section        0  process_woah.o(i.process_start)
    i.push_onto_rt_queue                     0x00000d84   Section        0  process_woah.o(i.push_onto_rt_queue)
    i.push_tail_process                      0x00000dc8   Section        0  process_woah.o(i.push_tail_process)
    i.shortDelay                             0x00000df0   Section        0  test_r2.o(i.shortDelay)
    myProg                                   0x00000df8   Section      124  3140.o(myProg)
    SVC0_begin                               0x00000e11   Thumb Code     0  3140.o(myProg)
    SVC1_terminate                           0x00000e1b   Thumb Code     0  3140.o(myProg)
    .data                                    0x20000000   Section       32  process_woah.o(.data)
    .data                                    0x20000020   Section       40  test_r2.o(.data)
    .data                                    0x20000048   Section        4  mvars.o(.data)
    .data                                    0x2000004c   Section        4  mvars.o(.data)
    myData                                   0x20000050   Section        4  3140.o(myData)
    OrigStackPointer                         0x20000050   Data           4  3140.o(myData)

    Global Symbols

    Symbol Name                              Value     Ov Type        Size  Object(Section)

    BuildAttributes$$THM_ISAv4$E$P$D$K$B$S$7EM$PE$A:L22UL41UL21$X:L11$S22US41US21$IEEE1$IW$USESV6$~STKCKD$USESV7$~SHL$OSPACE$EBA8$MICROLIB$REQ8$PRES8$EABIv2 0x00000000   Number         0  anon$$obj.o ABSOLUTE
    __ARM_use_no_argv                        0x00000000   Number         0  test_r2.o ABSOLUTE
    __Vectors                                0x00000000   Data           4  startup_mk64f12.o(RESET)
    __cpp_initialize__aeabi_                  - Undefined Weak Reference
    __cxa_finalize                            - Undefined Weak Reference
    __decompress                              - Undefined Weak Reference
    _clock_init                               - Undefined Weak Reference
    _microlib_exit                            - Undefined Weak Reference
    __Vectors_End                            0x00000400   Data           0  startup_mk64f12.o(RESET)
    __Vectors_Size                           0x00000400   Number         0  startup_mk64f12.o ABSOLUTE
    __main                                   0x00000411   Thumb Code     0  entry.o(.ARM.Collect$$$$00000000)
    _main_stk                                0x00000411   Thumb Code     0  entry4.o(.ARM.Collect$$$$00000003)
    _main_scatterload                        0x00000415   Thumb Code     0  entry5.o(.ARM.Collect$$$$00000004)
    __main_after_scatterload                 0x00000419   Thumb Code     0  entry5.o(.ARM.Collect$$$$00000004)
    _main_clock                              0x00000419   Thumb Code     0  entry7b.o(.ARM.Collect$$$$00000008)
    _main_cpp_init                           0x00000419   Thumb Code     0  entry8b.o(.ARM.Collect$$$$0000000A)
    _main_init                               0x00000419   Thumb Code     0  entry9a.o(.ARM.Collect$$$$0000000B)
    __rt_final_cpp                           0x00000421   Thumb Code     0  entry10a.o(.ARM.Collect$$$$0000000D)
    __rt_final_exit                          0x00000421   Thumb Code     0  entry11a.o(.ARM.Collect$$$$0000000F)
    Reset_Handler                            0x00000425   Thumb Code    24  startup_mk64f12.o(.text)
    NMI_Handler                              0x0000043d   Thumb Code     2  startup_mk64f12.o(.text)
    HardFault_Handler                        0x0000043f   Thumb Code     2  startup_mk64f12.o(.text)
    MemManage_Handler                        0x00000441   Thumb Code     2  startup_mk64f12.o(.text)
    BusFault_Handler                         0x00000443   Thumb Code     2  startup_mk64f12.o(.text)
    UsageFault_Handler                       0x00000445   Thumb Code     2  startup_mk64f12.o(.text)
    DebugMon_Handler                         0x00000449   Thumb Code     2  startup_mk64f12.o(.text)
    PendSV_Handler                           0x0000044b   Thumb Code     2  startup_mk64f12.o(.text)
    SysTick_Handler                          0x0000044d   Thumb Code     2  startup_mk64f12.o(.text)
    DMA0_IRQHandler                          0x0000044f   Thumb Code     4  startup_mk64f12.o(.text)
    DMA1_IRQHandler                          0x00000453   Thumb Code     4  startup_mk64f12.o(.text)
    DMA2_IRQHandler                          0x00000457   Thumb Code     4  startup_mk64f12.o(.text)
    DMA3_IRQHandler                          0x0000045b   Thumb Code     4  startup_mk64f12.o(.text)
    DMA4_IRQHandler                          0x0000045f   Thumb Code     4  startup_mk64f12.o(.text)
    DMA5_IRQHandler                          0x00000463   Thumb Code     4  startup_mk64f12.o(.text)
    DMA6_IRQHandler                          0x00000467   Thumb Code     4  startup_mk64f12.o(.text)
    DMA7_IRQHandler                          0x0000046b   Thumb Code     4  startup_mk64f12.o(.text)
    DMA8_IRQHandler                          0x0000046f   Thumb Code     4  startup_mk64f12.o(.text)
    DMA9_IRQHandler                          0x00000473   Thumb Code     4  startup_mk64f12.o(.text)
    DMA10_IRQHandler                         0x00000477   Thumb Code     4  startup_mk64f12.o(.text)
    DMA11_IRQHandler                         0x0000047b   Thumb Code     4  startup_mk64f12.o(.text)
    DMA12_IRQHandler                         0x0000047f   Thumb Code     4  startup_mk64f12.o(.text)
    DMA13_IRQHandler                         0x00000483   Thumb Code     4  startup_mk64f12.o(.text)
    DMA14_IRQHandler                         0x00000487   Thumb Code     4  startup_mk64f12.o(.text)
    DMA15_IRQHandler                         0x0000048b   Thumb Code     4  startup_mk64f12.o(.text)
    DMA_Error_IRQHandler                     0x0000048f   Thumb Code     4  startup_mk64f12.o(.text)
    I2C0_IRQHandler                          0x00000493   Thumb Code     4  startup_mk64f12.o(.text)
    I2C1_IRQHandler                          0x00000497   Thumb Code     4  startup_mk64f12.o(.text)
    SPI0_IRQHandler                          0x0000049b   Thumb Code     4  startup_mk64f12.o(.text)
    SPI1_IRQHandler                          0x0000049f   Thumb Code     4  startup_mk64f12.o(.text)
    I2S0_Tx_IRQHandler                       0x000004a3   Thumb Code     4  startup_mk64f12.o(.text)
    I2S0_Rx_IRQHandler                       0x000004a7   Thumb Code     4  startup_mk64f12.o(.text)
    UART0_LON_IRQHandler                     0x000004ab   Thumb Code     4  startup_mk64f12.o(.text)
    UART0_RX_TX_IRQHandler                   0x000004af   Thumb Code     4  startup_mk64f12.o(.text)
    UART0_ERR_IRQHandler                     0x000004b3   Thumb Code     4  startup_mk64f12.o(.text)
    UART1_RX_TX_IRQHandler                   0x000004b7   Thumb Code     4  startup_mk64f12.o(.text)
    UART1_ERR_IRQHandler                     0x000004bb   Thumb Code     4  startup_mk64f12.o(.text)
    UART2_RX_TX_IRQHandler                   0x000004bf   Thumb Code     4  startup_mk64f12.o(.text)
    UART2_ERR_IRQHandler                     0x000004c3   Thumb Code     4  startup_mk64f12.o(.text)
    UART3_RX_TX_IRQHandler                   0x000004c7   Thumb Code     4  startup_mk64f12.o(.text)
    UART3_ERR_IRQHandler                     0x000004cb   Thumb Code     4  startup_mk64f12.o(.text)
    SPI2_IRQHandler                          0x000004cf   Thumb Code     4  startup_mk64f12.o(.text)
    UART4_RX_TX_IRQHandler                   0x000004d3   Thumb Code     4  startup_mk64f12.o(.text)
    UART4_ERR_IRQHandler                     0x000004d7   Thumb Code     4  startup_mk64f12.o(.text)
    UART5_RX_TX_IRQHandler                   0x000004db   Thumb Code     4  startup_mk64f12.o(.text)
    UART5_ERR_IRQHandler                     0x000004df   Thumb Code     4  startup_mk64f12.o(.text)
    I2C2_IRQHandler                          0x000004e3   Thumb Code     4  startup_mk64f12.o(.text)
    CAN0_ORed_Message_buffer_IRQHandler      0x000004e7   Thumb Code     4  startup_mk64f12.o(.text)
    CAN0_Bus_Off_IRQHandler                  0x000004eb   Thumb Code     4  startup_mk64f12.o(.text)
    CAN0_Error_IRQHandler                    0x000004ef   Thumb Code     4  startup_mk64f12.o(.text)
    CAN0_Tx_Warning_IRQHandler               0x000004f3   Thumb Code     4  startup_mk64f12.o(.text)
    CAN0_Rx_Warning_IRQHandler               0x000004f7   Thumb Code     4  startup_mk64f12.o(.text)
    CAN0_Wake_Up_IRQHandler                  0x000004fb   Thumb Code     4  startup_mk64f12.o(.text)
    SDHC_IRQHandler                          0x000004ff   Thumb Code     4  startup_mk64f12.o(.text)
    ENET_1588_Timer_IRQHandler               0x00000503   Thumb Code     4  startup_mk64f12.o(.text)
    ENET_Transmit_IRQHandler                 0x00000507   Thumb Code     4  startup_mk64f12.o(.text)
    ENET_Receive_IRQHandler                  0x0000050b   Thumb Code     4  startup_mk64f12.o(.text)
    ENET_Error_IRQHandler                    0x0000050f   Thumb Code     4  startup_mk64f12.o(.text)
    ADC0_IRQHandler                          0x00000513   Thumb Code     0  startup_mk64f12.o(.text)
    ADC1_IRQHandler                          0x00000513   Thumb Code     0  startup_mk64f12.o(.text)
    CAN0_DriverIRQHandler                    0x00000513   Thumb Code     0  startup_mk64f12.o(.text)
    CMP0_IRQHandler                          0x00000513   Thumb Code     0  startup_mk64f12.o(.text)
    CMP1_IRQHandler                          0x00000513   Thumb Code     0  startup_mk64f12.o(.text)
    CMP2_IRQHandler                          0x00000513   Thumb Code     0  startup_mk64f12.o(.text)
    CMT_IRQHandler                           0x00000513   Thumb Code     0  startup_mk64f12.o(.text)
    DAC0_IRQHandler                          0x00000513   Thumb Code     0  startup_mk64f12.o(.text)
    DAC1_IRQHandler                          0x00000513   Thumb Code     0  startup_mk64f12.o(.text)
    DMA0_DriverIRQHandler                    0x00000513   Thumb Code     0  startup_mk64f12.o(.text)
    DMA10_DriverIRQHandler                   0x00000513   Thumb Code     0  startup_mk64f12.o(.text)
    DMA11_DriverIRQHandler                   0x00000513   Thumb Code     0  startup_mk64f12.o(.text)
    DMA12_DriverIRQHandler                   0x00000513   Thumb Code     0  startup_mk64f12.o(.text)
    DMA13_DriverIRQHandler                   0x00000513   Thumb Code     0  startup_mk64f12.o(.text)
    DMA14_DriverIRQHandler                   0x00000513   Thumb Code     0  startup_mk64f12.o(.text)
    DMA15_DriverIRQHandler                   0x00000513   Thumb Code     0  startup_mk64f12.o(.text)
    DMA1_DriverIRQHandler                    0x00000513   Thumb Code     0  startup_mk64f12.o(.text)
    DMA2_DriverIRQHandler                    0x00000513   Thumb Code     0  startup_mk64f12.o(.text)
    DMA3_DriverIRQHandler                    0x00000513   Thumb Code     0  startup_mk64f12.o(.text)
    DMA4_DriverIRQHandler                    0x00000513   Thumb Code     0  startup_mk64f12.o(.text)
    DMA5_DriverIRQHandler                    0x00000513   Thumb Code     0  startup_mk64f12.o(.text)
    DMA6_DriverIRQHandler                    0x00000513   Thumb Code     0  startup_mk64f12.o(.text)
    DMA7_DriverIRQHandler                    0x00000513   Thumb Code     0  startup_mk64f12.o(.text)
    DMA8_DriverIRQHandler                    0x00000513   Thumb Code     0  startup_mk64f12.o(.text)
    DMA9_DriverIRQHandler                    0x00000513   Thumb Code     0  startup_mk64f12.o(.text)
    DMA_Error_DriverIRQHandler               0x00000513   Thumb Code     0  startup_mk64f12.o(.text)
    DefaultISR                               0x00000513   Thumb Code     0  startup_mk64f12.o(.text)
    ENET_1588_Timer_DriverIRQHandler         0x00000513   Thumb Code     0  startup_mk64f12.o(.text)
    ENET_Error_DriverIRQHandler              0x00000513   Thumb Code     0  startup_mk64f12.o(.text)
    ENET_Receive_DriverIRQHandler            0x00000513   Thumb Code     0  startup_mk64f12.o(.text)
    ENET_Transmit_DriverIRQHandler           0x00000513   Thumb Code     0  startup_mk64f12.o(.text)
    FTFE_IRQHandler                          0x00000513   Thumb Code     0  startup_mk64f12.o(.text)
    FTM0_IRQHandler                          0x00000513   Thumb Code     0  startup_mk64f12.o(.text)
    FTM1_IRQHandler                          0x00000513   Thumb Code     0  startup_mk64f12.o(.text)
    FTM2_IRQHandler                          0x00000513   Thumb Code     0  startup_mk64f12.o(.text)
    FTM3_IRQHandler                          0x00000513   Thumb Code     0  startup_mk64f12.o(.text)
    I2C0_DriverIRQHandler                    0x00000513   Thumb Code     0  startup_mk64f12.o(.text)
    I2C1_DriverIRQHandler                    0x00000513   Thumb Code     0  startup_mk64f12.o(.text)
    I2C2_DriverIRQHandler                    0x00000513   Thumb Code     0  startup_mk64f12.o(.text)
    I2S0_Rx_DriverIRQHandler                 0x00000513   Thumb Code     0  startup_mk64f12.o(.text)
    I2S0_Tx_DriverIRQHandler                 0x00000513   Thumb Code     0  startup_mk64f12.o(.text)
    LLWU_IRQHandler                          0x00000513   Thumb Code     0  startup_mk64f12.o(.text)
    LPTMR0_IRQHandler                        0x00000513   Thumb Code     0  startup_mk64f12.o(.text)
    LVD_LVW_IRQHandler                       0x00000513   Thumb Code     0  startup_mk64f12.o(.text)
    MCG_IRQHandler                           0x00000513   Thumb Code     0  startup_mk64f12.o(.text)
    MCM_IRQHandler                           0x00000513   Thumb Code     0  startup_mk64f12.o(.text)
    PDB0_IRQHandler                          0x00000513   Thumb Code     0  startup_mk64f12.o(.text)
    PIT2_IRQHandler                          0x00000513   Thumb Code     0  startup_mk64f12.o(.text)
    PIT3_IRQHandler                          0x00000513   Thumb Code     0  startup_mk64f12.o(.text)
    PORTA_IRQHandler                         0x00000513   Thumb Code     0  startup_mk64f12.o(.text)
    PORTB_IRQHandler                         0x00000513   Thumb Code     0  startup_mk64f12.o(.text)
    PORTC_IRQHandler                         0x00000513   Thumb Code     0  startup_mk64f12.o(.text)
    PORTD_IRQHandler                         0x00000513   Thumb Code     0  startup_mk64f12.o(.text)
    PORTE_IRQHandler                         0x00000513   Thumb Code     0  startup_mk64f12.o(.text)
    RNG_IRQHandler                           0x00000513   Thumb Code     0  startup_mk64f12.o(.text)
    RTC_IRQHandler                           0x00000513   Thumb Code     0  startup_mk64f12.o(.text)
    RTC_Seconds_IRQHandler                   0x00000513   Thumb Code     0  startup_mk64f12.o(.text)
    Read_Collision_IRQHandler                0x00000513   Thumb Code     0  startup_mk64f12.o(.text)
    Reserved71_IRQHandler                    0x00000513   Thumb Code     0  startup_mk64f12.o(.text)
    SDHC_DriverIRQHandler                    0x00000513   Thumb Code     0  startup_mk64f12.o(.text)
    SPI0_DriverIRQHandler                    0x00000513   Thumb Code     0  startup_mk64f12.o(.text)
    SPI1_DriverIRQHandler                    0x00000513   Thumb Code     0  startup_mk64f12.o(.text)
    SPI2_DriverIRQHandler                    0x00000513   Thumb Code     0  startup_mk64f12.o(.text)
    SWI_IRQHandler                           0x00000513   Thumb Code     0  startup_mk64f12.o(.text)
    UART0_ERR_DriverIRQHandler               0x00000513   Thumb Code     0  startup_mk64f12.o(.text)
    UART0_LON_DriverIRQHandler               0x00000513   Thumb Code     0  startup_mk64f12.o(.text)
    UART0_RX_TX_DriverIRQHandler             0x00000513   Thumb Code     0  startup_mk64f12.o(.text)
    UART1_ERR_DriverIRQHandler               0x00000513   Thumb Code     0  startup_mk64f12.o(.text)
    UART1_RX_TX_DriverIRQHandler             0x00000513   Thumb Code     0  startup_mk64f12.o(.text)
    UART2_ERR_DriverIRQHandler               0x00000513   Thumb Code     0  startup_mk64f12.o(.text)
    UART2_RX_TX_DriverIRQHandler             0x00000513   Thumb Code     0  startup_mk64f12.o(.text)
    UART3_ERR_DriverIRQHandler               0x00000513   Thumb Code     0  startup_mk64f12.o(.text)
    UART3_RX_TX_DriverIRQHandler             0x00000513   Thumb Code     0  startup_mk64f12.o(.text)
    UART4_ERR_DriverIRQHandler               0x00000513   Thumb Code     0  startup_mk64f12.o(.text)
    UART4_RX_TX_DriverIRQHandler             0x00000513   Thumb Code     0  startup_mk64f12.o(.text)
    UART5_ERR_DriverIRQHandler               0x00000513   Thumb Code     0  startup_mk64f12.o(.text)
    UART5_RX_TX_DriverIRQHandler             0x00000513   Thumb Code     0  startup_mk64f12.o(.text)
    USB0_IRQHandler                          0x00000513   Thumb Code     0  startup_mk64f12.o(.text)
    USBDCD_IRQHandler                        0x00000513   Thumb Code     0  startup_mk64f12.o(.text)
    WDOG_EWM_IRQHandler                      0x00000513   Thumb Code     0  startup_mk64f12.o(.text)
    __scatterload                            0x000005f1   Thumb Code    28  init.o(.text)
    __scatterload_rt2                        0x000005f1   Thumb Code     0  init.o(.text)
    LEDBlue_On                               0x00000615   Thumb Code    36  utils.o(i.LEDBlue_On)
    LEDBlue_Toggle                           0x00000641   Thumb Code    10  utils.o(i.LEDBlue_Toggle)
    LEDGreen_On                              0x00000651   Thumb Code    38  utils.o(i.LEDGreen_On)
    LEDGreen_Toggle                          0x00000681   Thumb Code    10  utils.o(i.LEDGreen_Toggle)
    LEDRed_On                                0x00000691   Thumb Code    36  utils.o(i.LEDRed_On)
    LEDRed_Toggle                            0x000006bd   Thumb Code    10  utils.o(i.LEDRed_Toggle)
    LED_Initialize                           0x000006cd   Thumb Code    50  utils.o(i.LED_Initialize)
    LED_Off                                  0x00000715   Thumb Code    36  utils.o(i.LED_Off)
    PIT1_IRQHandler                          0x00000741   Thumb Code    64  process_woah.o(i.PIT1_IRQHandler)
    SystemInit                               0x00000789   Thumb Code    28  system_mk64f12.o(i.SystemInit)
    SystemInitHook                           0x000007a9   Thumb Code     2  system_mk64f12.o(i.SystemInitHook)
    free                                     0x000007ed   Thumb Code    76  malloc2.o(i.__free$2region)
    malloc                                   0x00000845   Thumb Code    92  malloc2.o(i.__malloc$2region)
    __scatterload_copy                       0x000008b1   Thumb Code    14  handlers.o(i.__scatterload_copy)
    __scatterload_null                       0x000008bf   Thumb Code     2  handlers.o(i.__scatterload_null)
    __scatterload_zeroinit                   0x000008c1   Thumb Code    14  handlers.o(i.__scatterload_zeroinit)
    delay                                    0x000008d5   Thumb Code    14  utils.o(i.delay)
    get_next_start_time                      0x000008e9   Thumb Code    26  process_woah.o(i.get_next_start_time)
    main                                     0x00000909   Thumb Code   116  test_r2.o(i.main)
    mediumDelay                              0x0000099d   Thumb Code    12  test_r2.o(i.mediumDelay)
    pNRT                                     0x000009a9   Thumb Code    30  test_r2.o(i.pNRT)
    pRT1                                     0x000009c7   Thumb Code    30  test_r2.o(i.pRT1)
    pRT2                                     0x000009e5   Thumb Code    30  test_r2.o(i.pRT2)
    pop_front_process                        0x00000a05   Thumb Code    42  process_woah.o(i.pop_front_process)
    pop_rt_process                           0x00000a39   Thumb Code    88  process_woah.o(i.pop_rt_process)
    process_create                           0x00000a99   Thumb Code    78  process_woah.o(i.process_create)
    process_rt_create                        0x00000afd   Thumb Code   126  process_woah.o(i.process_rt_create)
    process_select                           0x00000b81   Thumb Code   234  process_woah.o(i.process_select)
    process_stack_free                       0x00000c85   Thumb Code    18  3140_concur.o(i.process_stack_free)
    process_stack_init                       0x00000c99   Thumb Code    90  3140_concur.o(i.process_stack_init)
    process_start                            0x00000cf9   Thumb Code   118  process_woah.o(i.process_start)
    push_onto_rt_queue                       0x00000d85   Thumb Code    62  process_woah.o(i.push_onto_rt_queue)
    push_tail_process                        0x00000dc9   Thumb Code    32  process_woah.o(i.push_tail_process)
    shortDelay                               0x00000df1   Thumb Code     8  test_r2.o(i.shortDelay)
    SVC_Handler                              0x00000df9   Thumb Code     0  3140.o(myProg)
    process_terminated                       0x00000e1f   Thumb Code     0  3140.o(myProg)
    process_begin                            0x00000e23   Thumb Code     0  3140.o(myProg)
    process_blocked                          0x00000e29   Thumb Code     0  3140.o(myProg)
    PIT0_IRQHandler                          0x00000e2f   Thumb Code     0  3140.o(myProg)
    Region$$Table$$Base                      0x00000e74   Number         0  anon$$obj.o(Region$$Table)
    Region$$Table$$Limit                     0x00000e84   Number         0  anon$$obj.o(Region$$Table)
    current_process                          0x20000000   Data           4  process_woah.o(.data)
    process_tail                             0x20000004   Data           4  process_woah.o(.data)
    process_queue                            0x20000008   Data           4  process_woah.o(.data)
    rt_queue                                 0x2000000c   Data           4  process_woah.o(.data)
    current_time                             0x20000010   Data           8  process_woah.o(.data)
    process_deadline_met                     0x20000018   Data           4  process_woah.o(.data)
    process_deadline_miss                    0x2000001c   Data           4  process_woah.o(.data)
    t_1msec                                  0x20000020   Data           8  test_r2.o(.data)
    t_1sec                                   0x20000028   Data           8  test_r2.o(.data)
    t_5sec                                   0x20000030   Data           8  test_r2.o(.data)
    t_pRT1                                   0x20000038   Data           8  test_r2.o(.data)
    t_pRT2                                   0x20000040   Data           8  test_r2.o(.data)
    __microlib_freelist                      0x20000048   Data           4  mvars.o(.data)
    __microlib_freelist_initialised          0x2000004c   Data           4  mvars.o(.data)
    Image$$ARM_LIB_HEAP$$ZI$$Base            0x20000054   Number         0  anon$$obj.o ABSOLUTE
    Image$$ARM_LIB_HEAP$$ZI$$Limit           0x20000454   Number         0  anon$$obj.o ABSOLUTE
    Image$$ARM_LIB_STACK$$ZI$$Limit          0x20030000   Number         0  anon$$obj.o ABSOLUTE



==============================================================================

Memory Map of the image

  Image Entry point : 0x00000411

  Load Region LR_m_text (Base: 0x00000000, Size: 0x00000ed8, Max: 0x00100000, ABSOLUTE)

    Execution Region VECTOR_ROM (Exec base: 0x00000000, Load base: 0x00000000, Size: 0x00000400, Max: 0x00000400, ABSOLUTE)

    Exec Addr    Load Addr    Size         Type   Attr      Idx    E Section Name        Object

    0x00000000   0x00000000   0x00000400   Data   RO          334    RESET               startup_mk64f12.o


    Execution Region ER_m_flash_config (Exec base: 0x00000400, Load base: 0x00000400, Size: 0x00000010, Max: 0x00000010, ABSOLUTE, FIXED)

    Exec Addr    Load Addr    Size         Type   Attr      Idx    E Section Name        Object

    0x00000400   0x00000400   0x00000010   Data   RO          335    FlashConfig         startup_mk64f12.o


    Execution Region ER_m_text (Exec base: 0x00000410, Load base: 0x00000410, Size: 0x00000a74, Max: 0x000ffbf0, ABSOLUTE)

    Exec Addr    Load Addr    Size         Type   Attr      Idx    E Section Name        Object

    0x00000410   0x00000410   0x00000000   Code   RO          395  * .ARM.Collect$$$$00000000  mc_w.l(entry.o)
    0x00000410   0x00000410   0x00000004   Code   RO          426    .ARM.Collect$$$$00000003  mc_w.l(entry4.o)
    0x00000414   0x00000414   0x00000004   Code   RO          429    .ARM.Collect$$$$00000004  mc_w.l(entry5.o)
    0x00000418   0x00000418   0x00000000   Code   RO          431    .ARM.Collect$$$$00000008  mc_w.l(entry7b.o)
    0x00000418   0x00000418   0x00000000   Code   RO          433    .ARM.Collect$$$$0000000A  mc_w.l(entry8b.o)
    0x00000418   0x00000418   0x00000008   Code   RO          434    .ARM.Collect$$$$0000000B  mc_w.l(entry9a.o)
    0x00000420   0x00000420   0x00000000   Code   RO          436    .ARM.Collect$$$$0000000D  mc_w.l(entry10a.o)
    0x00000420   0x00000420   0x00000000   Code   RO          438    .ARM.Collect$$$$0000000F  mc_w.l(entry11a.o)
    0x00000420   0x00000420   0x00000004   Code   RO          427    .ARM.Collect$$$$00002714  mc_w.l(entry4.o)
    0x00000424   0x00000424   0x000001cc   Code   RO          336    .text               startup_mk64f12.o
    0x000005f0   0x000005f0   0x00000024   Code   RO          446    .text               mc_w.l(init.o)
    0x00000614   0x00000614   0x0000002c   Code   RO           79    i.LEDBlue_On        utils.o
    0x00000640   0x00000640   0x00000010   Code   RO           80    i.LEDBlue_Toggle    utils.o
    0x00000650   0x00000650   0x00000030   Code   RO           81    i.LEDGreen_On       utils.o
    0x00000680   0x00000680   0x00000010   Code   RO           82    i.LEDGreen_Toggle   utils.o
    0x00000690   0x00000690   0x0000002c   Code   RO           83    i.LEDRed_On         utils.o
    0x000006bc   0x000006bc   0x00000010   Code   RO           84    i.LEDRed_Toggle     utils.o
    0x000006cc   0x000006cc   0x00000048   Code   RO           85    i.LED_Initialize    utils.o
    0x00000714   0x00000714   0x0000002c   Code   RO           86    i.LED_Off           utils.o
    0x00000740   0x00000740   0x00000048   Code   RO          167    i.PIT1_IRQHandler   process_woah.o
    0x00000788   0x00000788   0x00000020   Code   RO          344    i.SystemInit        system_mk64f12.o
    0x000007a8   0x000007a8   0x00000002   Code   RO          345    i.SystemInitHook    system_mk64f12.o
    0x000007aa   0x000007aa   0x0000001a   Code   RO          168    i.__NVIC_EnableIRQ  process_woah.o
    0x000007c4   0x000007c4   0x00000028   Code   RO          169    i.__NVIC_SetPriority  process_woah.o
    0x000007ec   0x000007ec   0x00000050   Code   RO          398    i.__free$2region    mc_w.l(malloc2.o)
    0x0000083c   0x0000083c   0x00000006   Code   RO           87    i.__get_PRIMASK     utils.o
    0x00000842   0x00000842   0x00000002   PAD
    0x00000844   0x00000844   0x0000006c   Code   RO          399    i.__malloc$2region  mc_w.l(malloc2.o)
    0x000008b0   0x000008b0   0x0000000e   Code   RO          450    i.__scatterload_copy  mc_w.l(handlers.o)
    0x000008be   0x000008be   0x00000002   Code   RO          451    i.__scatterload_null  mc_w.l(handlers.o)
    0x000008c0   0x000008c0   0x0000000e   Code   RO          452    i.__scatterload_zeroinit  mc_w.l(handlers.o)
    0x000008ce   0x000008ce   0x00000006   Code   RO           88    i.__set_PRIMASK     utils.o
    0x000008d4   0x000008d4   0x00000014   Code   RO           89    i.delay             utils.o
    0x000008e8   0x000008e8   0x00000020   Code   RO          170    i.get_next_start_time  process_woah.o
    0x00000908   0x00000908   0x00000094   Code   RO          280    i.main              test_r2.o
    0x0000099c   0x0000099c   0x0000000c   Code   RO          281    i.mediumDelay       test_r2.o
    0x000009a8   0x000009a8   0x0000001e   Code   RO          282    i.pNRT              test_r2.o
    0x000009c6   0x000009c6   0x0000001e   Code   RO          283    i.pRT1              test_r2.o
    0x000009e4   0x000009e4   0x0000001e   Code   RO          284    i.pRT2              test_r2.o
    0x00000a02   0x00000a02   0x00000002   PAD
    0x00000a04   0x00000a04   0x00000034   Code   RO          171    i.pop_front_process  process_woah.o
    0x00000a38   0x00000a38   0x00000060   Code   RO          172    i.pop_rt_process    process_woah.o
    0x00000a98   0x00000a98   0x0000004e   Code   RO          173    i.process_create    process_woah.o
    0x00000ae6   0x00000ae6   0x00000014   Code   RO          174    i.process_free      process_woah.o
    0x00000afa   0x00000afa   0x00000002   PAD
    0x00000afc   0x00000afc   0x00000084   Code   RO          175    i.process_rt_create  process_woah.o
    0x00000b80   0x00000b80   0x00000104   Code   RO          176    i.process_select    process_woah.o
    0x00000c84   0x00000c84   0x00000012   Code   RO            6    i.process_stack_free  3140_concur.o
    0x00000c96   0x00000c96   0x00000002   PAD
    0x00000c98   0x00000c98   0x00000060   Code   RO            7    i.process_stack_init  3140_concur.o
    0x00000cf8   0x00000cf8   0x0000008c   Code   RO          177    i.process_start     process_woah.o
    0x00000d84   0x00000d84   0x00000044   Code   RO          178    i.push_onto_rt_queue  process_woah.o
    0x00000dc8   0x00000dc8   0x00000028   Code   RO          179    i.push_tail_process  process_woah.o
    0x00000df0   0x00000df0   0x00000008   Code   RO          285    i.shortDelay        test_r2.o
    0x00000df8   0x00000df8   0x0000007c   Code   RO          274    myProg              3140.o
    0x00000e74   0x00000e74   0x00000010   Data   RO          448    Region$$Table       anon$$obj.o


    Execution Region RW_m_data (Exec base: 0x1fff0000, Load base: 0x00000e84, Size: 0x00000000, Max: 0x00010000, ABSOLUTE)

    **** No section assigned to this execution region ****


    Execution Region RW_m_data_2 (Exec base: 0x20000000, Load base: 0x00000e84, Size: 0x00000054, Max: 0x0002f800, ABSOLUTE)

    Exec Addr    Load Addr    Size         Type   Attr      Idx    E Section Name        Object

    0x20000000   0x00000e84   0x00000020   Data   RW          180    .data               process_woah.o
    0x20000020   0x00000ea4   0x00000028   Data   RW          286    .data               test_r2.o
    0x20000048   0x00000ecc   0x00000004   Data   RW          444    .data               mc_w.l(mvars.o)
    0x2000004c   0x00000ed0   0x00000004   Data   RW          445    .data               mc_w.l(mvars.o)
    0x20000050   0x00000ed4   0x00000004   Data   RW          273    myData              3140.o


    Execution Region ARM_LIB_HEAP (Exec base: 0x20000054, Load base: 0x00000ed8, Size: 0x00000400, Max: 0x00000400, ABSOLUTE)

    Exec Addr    Load Addr    Size         Type   Attr      Idx    E Section Name        Object

    0x20000054        -       0x00000400   Zero   RW            1    ARM_LIB_HEAP.bss    anon$$obj.o


    Execution Region ARM_LIB_STACK (Exec base: 0x2002fc00, Load base: 0x00000ed8, Size: 0x00000400, Max: 0x00000400, ABSOLUTE)

    Exec Addr    Load Addr    Size         Type   Attr      Idx    E Section Name        Object

    0x2002fc00        -       0x00000400   Zero   RW            2    ARM_LIB_STACK.bss   anon$$obj.o


==============================================================================

Image component sizes


      Code (inc. data)   RO Data    RW Data    ZI Data      Debug   Object Name

       124         24          0          4          0        284   3140.o
       114          6          0          0          0     473036   3140_concur.o
      1056        108          0         32          0      38573   process_woah.o
       460        218       1040          0          0       3228   startup_mk64f12.o
        34          4          0          0          0        966   system_mk64f12.o
       258         32          0         40          0       3081   test_r2.o
       332         80          0          0          0       9773   utils.o

    ----------------------------------------------------------------------
      2386        472       1056         76       2048     528941   Object Totals
         0          0         16          0       2048          0   (incl. Generated)
         8          0          0          0          0          0   (incl. Padding)

    ----------------------------------------------------------------------

      Code (inc. data)   RO Data    RW Data    ZI Data      Debug   Library Member Name

         0          0          0          0          0          0   entry.o
         0          0          0          0          0          0   entry10a.o
         0          0          0          0          0          0   entry11a.o
         8          4          0          0          0          0   entry4.o
         4          0          0          0          0          0   entry5.o
         0          0          0          0          0          0   entry7b.o
         0          0          0          0          0          0   entry8b.o
         8          4          0          0          0          0   entry9a.o
        30          0          0          0          0          0   handlers.o
        36          8          0          0          0         68   init.o
       188         20          0          0          0        160   malloc2.o
         0          0          0          8          0          0   mvars.o

    ----------------------------------------------------------------------
       274         36          0          8          0        228   Library Totals
         0          0          0          0          0          0   (incl. Padding)

    ----------------------------------------------------------------------

      Code (inc. data)   RO Data    RW Data    ZI Data      Debug   Library Name

       274         36          0          8          0        228   mc_w.l

    ----------------------------------------------------------------------
       274         36          0          8          0        228   Library Totals

    ----------------------------------------------------------------------

==============================================================================


      Code (inc. data)   RO Data    RW Data    ZI Data      Debug   

      2660        508       1056         84       2048     527657   Grand Totals
      2660        508       1056         84       2048     527657   ELF Image Totals
      2660        508       1056         84          0          0   ROM Totals

==============================================================================

    Total RO  Size (Code + RO Data)                 3716 (   3.63kB)
    Total RW  Size (RW Data + ZI Data)              2132 (   2.08kB)
    Total ROM Size (Code + RO Data + RW Data)       3800 (   3.71kB)

==============================================================================

