<html>
<body>
<pre>
<h1>µVision Build Log</h1>
<h2>Tool Versions:</h2>
IDE-Version: µVision V5.26.2.0
Copyright (C) 2018 ARM Ltd and ARM Germany GmbH. All rights reserved.
License Information: Pablo Ruiz, Cornell University, LIC=----
 
Tool Versions:
Toolchain:       MDK-Lite  Version: 5.26.2.0
Toolchain Path:  C:\Keil_v5\ARM\ARMCC\Bin
C Compiler:      Armcc.exe V5.06 update 6 (build 750)
Assembler:       Armasm.exe V5.06 update 6 (build 750)
Linker/Locator:  ArmLink.exe V5.06 update 6 (build 750)
Library Manager: ArmAr.exe V5.06 update 6 (build 750)
Hex Converter:   FromElf.exe V5.06 update 6 (build 750)
CPU DLL:         SARMCM3.DLL V5.26.2.0
Dialog DLL:      DCM.DLL V1.17.2.0
Target DLL:      CMSIS_AGDI.dll V1.30.6.0
Dialog DLL:      TCM.DLL V1.36.1.0
 
<h2>Project:</h2>
C:\Users\Pablo Ruiz\Documents\Junior College Stuff\ECE 3140\3140pabloluke\Lab_5\Lab_5.uvprojx
Project File Date:  04/26/2019

<h2>Output:</h2>
*** Using Compiler 'V5.06 update 6 (build 750)', folder: 'C:\Keil_v5\ARM\ARMCC\Bin'
Rebuild target 'Target 1'
assembling 3140.s...
assembling startup_MK64F12.s...
compiling system_MK64F12.c...
compiling process.c...
3140_concur.h(60): warning:  #1295-D: Deprecated declaration pop_front_process - give arg types
  process_t * pop_front_process();
3140_concur.h(66): warning:  #1295-D: Deprecated declaration pop_front_rt_ready_process - give arg types
  process_t * pop_front_rt_ready_process();
3140_concur.h(69): warning:  #1295-D: Deprecated declaration pop_front_rt_notready_process - give arg types
  process_t * pop_front_rt_notready_process();
3140_concur.h(79): warning:  #1295-D: Deprecated declaration help_maintain - give arg types
  void help_maintain();
3140_concur.h(140): warning:  #1-D: last line of file ends without a newline
  #endif
process.c: 5 warnings, 0 errors
compiling lab5_t0.c...
3140_concur.h(60): warning:  #1295-D: Deprecated declaration pop_front_process - give arg types
  process_t * pop_front_process();
3140_concur.h(66): warning:  #1295-D: Deprecated declaration pop_front_rt_ready_process - give arg types
  process_t * pop_front_rt_ready_process();
3140_concur.h(69): warning:  #1295-D: Deprecated declaration pop_front_rt_notready_process - give arg types
  process_t * pop_front_rt_notready_process();
3140_concur.h(79): warning:  #1295-D: Deprecated declaration help_maintain - give arg types
  void help_maintain();
3140_concur.h(140): warning:  #1-D: last line of file ends without a newline
  #endif
lab5_t0.c(109): warning:  #111-D: statement is unreachable
  	return 0;
lab5_t0.c: 6 warnings, 0 errors
compiling utils.c...
compiling 3140_concur.c...
3140_concur.h(60): warning:  #1295-D: Deprecated declaration pop_front_process - give arg types
  process_t * pop_front_process();
3140_concur.h(66): warning:  #1295-D: Deprecated declaration pop_front_rt_ready_process - give arg types
  process_t * pop_front_rt_ready_process();
3140_concur.h(69): warning:  #1295-D: Deprecated declaration pop_front_rt_notready_process - give arg types
  process_t * pop_front_rt_notready_process();
3140_concur.h(79): warning:  #1295-D: Deprecated declaration help_maintain - give arg types
  void help_maintain();
3140_concur.h(140): warning:  #1-D: last line of file ends without a newline
  #endif
linking...
Program Size: Code=2612 RO-data=1056 RW-data=72 ZI-data=2048  
".\Objects\Lab_5.axf" - 0 Error(s), 16 Warning(s).

<h2>Software Packages used:</h2>

Package Vendor: ARM
                http://www.keil.com/pack/ARM.CMSIS.5.4.0.pack
                ARM.CMSIS.5.4.0
                CMSIS (Cortex Microcontroller Software Interface Standard)
   * Component: CORE Version: 5.1.2

Package Vendor: NXP
                http://mcuxpresso.nxp.com/cmsis_pack/repo/NXP.MK64F12_DFP.11.0.0.pack
                NXP.MK64F12_DFP.11.0.0
                Device Family Pack for MK64F12
   * Component: MK64F12_startup Version: 1.0.0

<h2>Collection of Component include folders:</h2>
  .\RTE\Device\MK64FN1M0VLL12
  .\RTE\_Target_1
  C:\Keil_v5\ARM\PACK\ARM\CMSIS\5.4.0\CMSIS\Core\Include
  C:\Keil_v5\ARM\PACK\NXP\MK64F12_DFP\11.0.0

<h2>Collection of Component Files used:</h2>

   * Component: ARM::CMSIS:CORE:5.1.2

   * Component: NXP::Device:Startup:MK64F12_startup:1.0.0
      Source file:   system_MK64F12.c
      Include file:  fsl_device_registers.h
      Include file:  MK64F12.h
      Include file:  system_MK64F12.h
      Source file:   arm\startup_MK64F12.s
      Include file:  MK64F12_features.h
Build Time Elapsed:  00:00:02
</pre>
</body>
</html>
